[INFO] Scanning for projects...
[WARNING] 
[WARNING] Some problems were encountered while building the effective model for io:Sclera:jar:0.0.1-SNAPSHOT
[WARNING] 'dependencies.dependency.systemPath' for io.ScleraTools:ScleraTools:jar should not point at files within the project directory, ${project.basedir}/src/main/resources/External_jar/ScleraTools.jar will be unresolvable by dependent projects @ line 166, column 25
[WARNING] 'dependencies.dependency.systemPath' for org.projecthaystack:haystack-java:jar should not point at files within the project directory, ${project.basedir}/src/main/resources/External_jar/haystack-java.jar will be unresolvable by dependent projects @ line 174, column 25
[WARNING] 'dependencies.dependency.(groupId:artifactId:type:classifier)' must be unique: org.springframework.boot:spring-boot-starter-cache:jar -> duplicate declaration of version (?) @ line 446, column 21
[WARNING] 
[WARNING] It is highly recommended to fix these problems because they threaten the stability of your build.
[WARNING] 
[WARNING] For this reason, future Maven versions might no longer support building such malformed projects.
[WARNING] 
[INFO] 
[INFO] -----------------------------< io:Sclera >------------------------------
[INFO] Building Sclera 0.0.1-SNAPSHOT
[INFO]   from pom.xml
[INFO] --------------------------------[ jar ]---------------------------------
[WARNING] 1 problem was encountered while building the effective model for org.javassist:javassist:jar:3.20.0-GA during dependency collection step for project (use -X to see details)
[INFO] 
[INFO] --- clean:3.1.0:clean (default-clean) @ Sclera ---
[INFO] Deleting C:\Users\KNageshNayak\Desktop\Work\Sclara-2.0\sclera-cloud-device-asset\target
[INFO] 
[INFO] --- resources:3.2.0:resources (default-resources) @ Sclera ---
[INFO] Using 'UTF-8' encoding to copy filtered resources.
[INFO] Using 'UTF-8' encoding to copy filtered properties files.
[INFO] Copying 6 resources
[INFO] Copying 36 resources
[INFO] 
[INFO] --- compiler:3.13.0:compile (default-compile) @ Sclera ---
[INFO] Recompiling the module because of changed source code.
[INFO] Compiling 488 source files with javac [debug parameters target 11] to target\classes
[INFO] /C:/Users/KNageshNayak/Desktop/Work/Sclara-2.0/sclera-cloud-device-asset/src/main/java/io/sclera/auth/TenantJWSKeySelector.java: Some input files use or override a deprecated API.
[INFO] /C:/Users/KNageshNayak/Desktop/Work/Sclara-2.0/sclera-cloud-device-asset/src/main/java/io/sclera/auth/TenantJWSKeySelector.java: Recompile with -Xlint:deprecation for details.
[INFO] /C:/Users/KNageshNayak/Desktop/Work/Sclara-2.0/sclera-cloud-device-asset/src/main/java/io/sclera/utils/Utils.java: Some input files use unchecked or unsafe operations.
[INFO] /C:/Users/KNageshNayak/Desktop/Work/Sclara-2.0/sclera-cloud-device-asset/src/main/java/io/sclera/utils/Utils.java: Recompile with -Xlint:unchecked for details.
[INFO] Some messages have been simplified; recompile with -Xdiags:verbose to get full output
[INFO] -------------------------------------------------------------
[WARNING] COMPILATION WARNING : 
[INFO] -------------------------------------------------------------
[WARNING] location of system modules is not set in conjunction with -source 11
  not setting the location of system modules may lead to class files that cannot run on JDK 11
    --release 11 is recommended instead of -source 11 -target 11 because it sets the location of system modules automatically
[INFO] 1 warning
[INFO] -------------------------------------------------------------
[INFO] -------------------------------------------------------------
[ERROR] COMPILATION ERROR : 
[INFO] -------------------------------------------------------------
[ERROR] /C:/Users/KNageshNayak/Desktop/Work/Sclara-2.0/sclera-cloud-device-asset/src/main/java/io/sclera/service/DeviceService.java:[4969,63] cannot find symbol
  symbol:   method getAlertProfileById(java.lang.String)
  location: variable alertProfileService of type io.sclera.service.AlertProfileService
[ERROR] /C:/Users/KNageshNayak/Desktop/Work/Sclara-2.0/sclera-cloud-device-asset/src/main/java/io/sclera/service/DeviceService.java:[5572,45] cannot find symbol
  symbol:   method getDeviceIdByModbusRegisterId(java.lang.String)
  location: variable modbusService of type io.sclera.service.ModbusService
[ERROR] /C:/Users/KNageshNayak/Desktop/Work/Sclara-2.0/sclera-cloud-device-asset/src/main/java/io/sclera/service/DeviceService.java:[5582,46] cannot find symbol
  symbol:   method getModbusRegisterAlertStatusByDeviceId(java.lang.String)
  location: variable modbusService of type io.sclera.service.ModbusService
[ERROR] /C:/Users/KNageshNayak/Desktop/Work/Sclara-2.0/sclera-cloud-device-asset/src/main/java/io/sclera/service/DeviceService.java:[5597,45] cannot find symbol
  symbol:   method getDeviceIdByModbusRegisterId(java.lang.String)
  location: variable modbusService of type io.sclera.service.ModbusService
[ERROR] /C:/Users/KNageshNayak/Desktop/Work/Sclara-2.0/sclera-cloud-device-asset/src/main/java/io/sclera/service/DeviceService.java:[5608,53] cannot find symbol
  symbol:   method getModbusRegistersCountByDeviceId(java.lang.String)
  location: variable modbusService of type io.sclera.service.ModbusService
[ERROR] /C:/Users/KNageshNayak/Desktop/Work/Sclara-2.0/sclera-cloud-device-asset/src/main/java/io/sclera/service/DeviceService.java:[6467,21] cannot find symbol
  symbol:   method sendDownloadEmail(com.alibaba.fastjson.JSONObject,org.springframework.web.multipart.MultipartFile,java.lang.String,java.lang.String)
  location: variable alertService of type io.sclera.service.AlertService
[ERROR] /C:/Users/KNageshNayak/Desktop/Work/Sclara-2.0/sclera-cloud-device-asset/src/main/java/io/sclera/service/DeviceService.java:[7646,50] cannot find symbol
  symbol:   method getScheduleAlert()
  location: variable conditionData of type io.sclera.dto.ConditionsAdvanceExportExcelDto
[ERROR] /C:/Users/KNageshNayak/Desktop/Work/Sclara-2.0/sclera-cloud-device-asset/src/main/java/io/sclera/service/DeviceService.java:[7646,93] cannot find symbol
  symbol:   method getScheduleAlert()
  location: variable conditionData of type io.sclera.dto.ConditionsAdvanceExportExcelDto
[ERROR] /C:/Users/KNageshNayak/Desktop/Work/Sclara-2.0/sclera-cloud-device-asset/src/main/java/io/sclera/service/DeviceService.java:[7651,53] cannot find symbol
  symbol:   method getScheduleStartTime()
  location: variable conditionData of type io.sclera.dto.ConditionsAdvanceExportExcelDto
[ERROR] /C:/Users/KNageshNayak/Desktop/Work/Sclara-2.0/sclera-cloud-device-asset/src/main/java/io/sclera/service/DeviceService.java:[7651,100] cannot find symbol
  symbol:   method getScheduleStartTime()
  location: variable conditionData of type io.sclera.dto.ConditionsAdvanceExportExcelDto
[ERROR] /C:/Users/KNageshNayak/Desktop/Work/Sclara-2.0/sclera-cloud-device-asset/src/main/java/io/sclera/service/DeviceService.java:[7655,51] cannot find symbol
  symbol:   method getScheduleEndTime()
  location: variable conditionData of type io.sclera.dto.ConditionsAdvanceExportExcelDto
[ERROR] /C:/Users/KNageshNayak/Desktop/Work/Sclara-2.0/sclera-cloud-device-asset/src/main/java/io/sclera/service/DeviceService.java:[7655,96] cannot find symbol
  symbol:   method getScheduleEndTime()
  location: variable conditionData of type io.sclera.dto.ConditionsAdvanceExportExcelDto
[ERROR] /C:/Users/KNageshNayak/Desktop/Work/Sclara-2.0/sclera-cloud-device-asset/src/main/java/io/sclera/service/DeviceService.java:[7659,40] cannot find symbol
  symbol:   method getScheduleConditions()
  location: variable conditionData of type io.sclera.dto.ConditionsAdvanceExportExcelDto
[ERROR] /C:/Users/KNageshNayak/Desktop/Work/Sclara-2.0/sclera-cloud-device-asset/src/main/java/io/sclera/service/DeviceService.java:[7659,88] cannot find symbol
  symbol:   method getScheduleConditions()
  location: variable conditionData of type io.sclera.dto.ConditionsAdvanceExportExcelDto
[ERROR] /C:/Users/KNageshNayak/Desktop/Work/Sclara-2.0/sclera-cloud-device-asset/src/main/java/io/sclera/service/DeviceService.java:[7665,53] cannot find symbol
  symbol:   method getAlertCountEnable()
  location: variable conditionData of type io.sclera.dto.ConditionsAdvanceExportExcelDto
[ERROR] /C:/Users/KNageshNayak/Desktop/Work/Sclara-2.0/sclera-cloud-device-asset/src/main/java/io/sclera/service/DeviceService.java:[7665,99] cannot find symbol
  symbol:   method getAlertCountEnable()
  location: variable conditionData of type io.sclera.dto.ConditionsAdvanceExportExcelDto
[ERROR] /C:/Users/KNageshNayak/Desktop/Work/Sclara-2.0/sclera-cloud-device-asset/src/main/java/io/sclera/service/DeviceService.java:[7736,36] cannot find symbol
  symbol:   method getAlertProfileName()
  location: variable bmsData of type io.sclera.dto.SiemensBmsExportDTO
[ERROR] /C:/Users/KNageshNayak/Desktop/Work/Sclara-2.0/sclera-cloud-device-asset/src/main/java/io/sclera/service/DeviceService.java:[7736,76] cannot find symbol
  symbol:   method getAlertProfileName()
  location: variable bmsData of type io.sclera.dto.SiemensBmsExportDTO
[ERROR] /C:/Users/KNageshNayak/Desktop/Work/Sclara-2.0/sclera-cloud-device-asset/src/main/java/io/sclera/service/DeviceService.java:[8470,23] cannot find symbol
  symbol:   method updateSiemensDeviceId(java.lang.String,java.lang.String)
  location: variable siemensService of type io.sclera.service.SiemensService
[ERROR] /C:/Users/KNageshNayak/Desktop/Work/Sclara-2.0/sclera-cloud-device-asset/src/main/java/io/sclera/service/DeviceService.java:[8479,31] cannot find symbol
  symbol:   method updateDeviceGlobalChecklistDeviceId(java.lang.String,java.lang.String)
  location: variable globalChecklistService of type io.sclera.service.GlobalChecklistService
[ERROR] /C:/Users/KNageshNayak/Desktop/Work/Sclara-2.0/sclera-cloud-device-asset/src/main/java/io/sclera/service/DeviceService.java:[8480,31] cannot find symbol
  symbol:   method updateRecordChecklistByDeviceId(java.lang.String,java.lang.String,java.util.Set<java.lang.String>)
  location: variable recordChecklistService of type io.sclera.service.RecordChecklistService
[ERROR] /C:/Users/KNageshNayak/Desktop/Work/Sclara-2.0/sclera-cloud-device-asset/src/main/java/io/sclera/service/DeviceService.java:[8484,22] cannot find symbol
  symbol:   method updateBacnetObjectDeviceId(java.lang.String,java.lang.String,java.util.Set<java.lang.String>)
  location: variable bacnetService of type io.sclera.service.BacnetService
[ERROR] /C:/Users/KNageshNayak/Desktop/Work/Sclara-2.0/sclera-cloud-device-asset/src/main/java/io/sclera/service/DeviceService.java:[8485,24] cannot find symbol
  symbol:   method updateDaintreeDeviceByDeviceId(java.lang.String,java.lang.String,java.util.Set<java.lang.String>)
  location: variable daintreeService of type io.sclera.service.DaintreeService
[ERROR] /C:/Users/KNageshNayak/Desktop/Work/Sclara-2.0/sclera-cloud-device-asset/src/main/java/io/sclera/service/DeviceService.java:[8486,26] cannot find symbol
  symbol:   method updateDisruptiveSensorDeviceId(java.lang.String,java.lang.String,java.util.Set<java.lang.String>)
  location: variable disruptiveService of type io.sclera.service.DisruptiveService
[ERROR] /C:/Users/KNageshNayak/Desktop/Work/Sclara-2.0/sclera-cloud-device-asset/src/main/java/io/sclera/service/DeviceService.java:[8487,22] cannot find symbol
  symbol:   method updateEcobeeSensorDeviceId(java.lang.String,java.lang.String,java.util.Set<java.lang.String>)
  location: variable ecobeeService of type io.sclera.service.EcobeeService
[ERROR] /C:/Users/KNageshNayak/Desktop/Work/Sclara-2.0/sclera-cloud-device-asset/src/main/java/io/sclera/service/DeviceService.java:[8488,19] cannot find symbol
  symbol:   method updateKnxGroupDeviceId(java.lang.String,java.lang.String,java.util.Set<java.lang.String>)
  location: variable knxService of type io.sclera.service.KNXService
[ERROR] /C:/Users/KNageshNayak/Desktop/Work/Sclara-2.0/sclera-cloud-device-asset/src/main/java/io/sclera/service/DeviceService.java:[8489,23] cannot find symbol
  symbol:   method updateLorawanSensorDeviceId(java.lang.String,java.lang.String,java.util.Set<java.lang.String>)
  location: variable lorawanService of type io.sclera.service.LorawanService
[ERROR] /C:/Users/KNageshNayak/Desktop/Work/Sclara-2.0/sclera-cloud-device-asset/src/main/java/io/sclera/service/DeviceService.java:[8490,22] cannot find symbol
  symbol:   method updateMonnitSensorDeviceId(java.lang.String,java.lang.String,java.util.Set<java.lang.String>)
  location: variable monnitService of type io.sclera.service.MonnitService
[ERROR] /C:/Users/KNageshNayak/Desktop/Work/Sclara-2.0/sclera-cloud-device-asset/src/main/java/io/sclera/service/DeviceService.java:[8492,23] cannot find symbol
  symbol:   method updatePelicanSensorDeviceId(java.lang.String,java.lang.String,java.util.Set<java.lang.String>)
  location: variable pelicanService of type io.sclera.service.PelicanService
[ERROR] /C:/Users/KNageshNayak/Desktop/Work/Sclara-2.0/sclera-cloud-device-asset/src/main/java/io/sclera/service/DeviceService.java:[8494,20] cannot find symbol
  symbol:   method updateSnmpObjectDeviceId(java.lang.String,java.lang.String,java.util.Set<java.lang.String>)
  location: variable snmpService of type io.sclera.service.SnmpService
[ERROR] /C:/Users/KNageshNayak/Desktop/Work/Sclara-2.0/sclera-cloud-device-asset/src/main/java/io/sclera/service/DeviceService.java:[8495,24] cannot find symbol
  symbol:   method updatePolyLensDeviceId(java.lang.String,java.lang.String,java.util.Set<java.lang.String>)
  location: variable polyLensService of type io.sclera.service.PolyLensService
[ERROR] /C:/Users/KNageshNayak/Desktop/Work/Sclara-2.0/sclera-cloud-device-asset/src/main/java/io/sclera/service/DeviceService.java:[8582,27] cannot find symbol
  symbol:   method updateHistoryDeviceId(java.lang.String,java.lang.String)
  location: variable historyService of type io.sclera.service.HistoryService
[ERROR] /C:/Users/KNageshNayak/Desktop/Work/Sclara-2.0/sclera-cloud-device-asset/src/main/java/io/sclera/service/DeviceService.java:[8652,49] cannot find symbol
  symbol:   method setAction(java.lang.String)
  location: variable userActionLogDTO of type io.sclera.service.UserActionLogDTO
[ERROR] /C:/Users/KNageshNayak/Desktop/Work/Sclara-2.0/sclera-cloud-device-asset/src/main/java/io/sclera/service/DeviceService.java:[8659,53] cannot find symbol
  symbol:   method setAction(java.lang.String)
  location: variable userActionLogDTO of type io.sclera.service.UserActionLogDTO
[ERROR] /C:/Users/KNageshNayak/Desktop/Work/Sclara-2.0/sclera-cloud-device-asset/src/main/java/io/sclera/service/DeviceService.java:[8690,23] cannot find symbol
  symbol:   method sendDigitalTwinData(java.util.Set<java.lang.String>)
  location: variable iocService of type io.sclera.service.IOCService
[ERROR] /C:/Users/KNageshNayak/Desktop/Work/Sclara-2.0/sclera-cloud-device-asset/src/main/java/io/sclera/service/DeviceService.java:[8691,33] cannot find symbol
  symbol:   method batchUpdateUserActionLogs(java.util.List<io.sclera.service.UserActionLogDTO>)
  location: variable userActionLogService of type io.sclera.service.UserActionLogService
[ERROR] /C:/Users/KNageshNayak/Desktop/Work/Sclara-2.0/sclera-cloud-device-asset/src/main/java/io/sclera/service/DeviceService.java:[8716,19] cannot find symbol
  symbol:   method sendDigitalTwinData(java.util.HashSet<java.lang.String>)
  location: variable iocService of type io.sclera.service.IOCService
[ERROR] /C:/Users/KNageshNayak/Desktop/Work/Sclara-2.0/sclera-cloud-device-asset/src/main/java/io/sclera/service/DeviceService.java:[8729,47] cannot find symbol
  symbol:   method multiEditDigitalTwin(java.lang.String,org.springframework.web.multipart.MultipartFile,java.lang.String,java.util.Set<java.lang.String>)
  location: variable webClientService of type io.sclera.service.WebClientService
[ERROR] /C:/Users/KNageshNayak/Desktop/Work/Sclara-2.0/sclera-cloud-device-asset/src/main/java/io/sclera/service/DeviceService.java:[8765,27] cannot find symbol
  symbol:   method sendDigitalTwinData(java.util.Set<java.lang.String>)
  location: variable iocService of type io.sclera.service.IOCService
[ERROR] /C:/Users/KNageshNayak/Desktop/Work/Sclara-2.0/sclera-cloud-device-asset/src/main/java/io/sclera/service/DeviceService.java:[8820,57] cannot find symbol
  symbol:   method setAction(java.lang.String)
  location: variable userActionLogDTO of type io.sclera.service.UserActionLogDTO
[ERROR] /C:/Users/KNageshNayak/Desktop/Work/Sclara-2.0/sclera-cloud-device-asset/src/main/java/io/sclera/service/DeviceService.java:[8828,61] cannot find symbol
  symbol:   method setAction(java.lang.String)
  location: variable userActionLogDTO of type io.sclera.service.UserActionLogDTO
[ERROR] /C:/Users/KNageshNayak/Desktop/Work/Sclara-2.0/sclera-cloud-device-asset/src/main/java/io/sclera/service/DeviceService.java:[8852,37] cannot find symbol
  symbol:   method batchUpdateUserActionLogs(java.util.List<io.sclera.service.UserActionLogDTO>)
  location: variable userActionLogService of type io.sclera.service.UserActionLogService
[ERROR] /C:/Users/KNageshNayak/Desktop/Work/Sclara-2.0/sclera-cloud-device-asset/src/main/java/io/sclera/service/DeviceService.java:[9071,62] cannot find symbol
  symbol:   method getPolyLensDeviceCountByDeviceId(java.lang.String)
  location: variable polyLensService of type io.sclera.service.PolyLensService
[ERROR] /C:/Users/KNageshNayak/Desktop/Work/Sclara-2.0/sclera-cloud-device-asset/src/main/java/io/sclera/service/DeviceService.java:[9097,54] cannot find symbol
  symbol:   method getMqttDeviceCountByDeviceId(java.lang.String)
  location: variable mqttService of type io.sclera.service.MqttService
[ERROR] /C:/Users/KNageshNayak/Desktop/Work/Sclara-2.0/sclera-cloud-device-asset/src/main/java/io/sclera/service/DeviceService.java:[9509,21] cannot find symbol
  symbol:   method sendDownloadEmail(com.alibaba.fastjson.JSONObject,org.springframework.web.multipart.MultipartFile,java.lang.String,java.lang.String)
  location: variable alertService of type io.sclera.service.AlertService
[ERROR] /C:/Users/KNageshNayak/Desktop/Work/Sclara-2.0/sclera-cloud-device-asset/src/main/java/io/sclera/service/DeviceService.java:[9607,68] cannot find symbol
  symbol:   method countByDeviceId(java.lang.String)
  location: variable qrCodeRepository of type io.sclera.Repository.QrCodeRepository
[ERROR] /C:/Users/KNageshNayak/Desktop/Work/Sclara-2.0/sclera-cloud-device-asset/src/main/java/io/sclera/service/DeviceService.java:[9610,74] cannot find symbol
  symbol:   method countByDeviceId(java.lang.String)
  location: variable clientQrCodeRepository of type io.sclera.Repository.ClientQrCodeRepository
[ERROR] /C:/Users/KNageshNayak/Desktop/Work/Sclara-2.0/sclera-cloud-device-asset/src/main/java/io/sclera/service/DeviceService.java:[9612,67] cannot find symbol
  symbol:   method countByDeviceId(java.lang.String)
  location: variable qrCodeRepository of type io.sclera.Repository.QrCodeRepository
[ERROR] /C:/Users/KNageshNayak/Desktop/Work/Sclara-2.0/sclera-cloud-device-asset/src/main/java/io/sclera/service/DeviceService.java:[9612,141] cannot find symbol
  symbol:   method countByDeviceId(java.lang.String)
  location: variable clientQrCodeRepository of type io.sclera.Repository.ClientQrCodeRepository
[ERROR] /C:/Users/KNageshNayak/Desktop/Work/Sclara-2.0/sclera-cloud-device-asset/src/main/java/io/sclera/service/DeviceService.java:[9767,26] cannot find symbol
  symbol:   method socketDeviceUpdate(java.util.Set<io.sclera.dto.DeviceDTO>)
  location: variable socketservice of type io.sclera.sockets.SocketService
[ERROR] /C:/Users/KNageshNayak/Desktop/Work/Sclara-2.0/sclera-cloud-device-asset/src/main/java/io/sclera/service/DeviceService.java:[9789,23] cannot find symbol
  symbol:   method addHistoryWithTimestamp(io.sclera.dto.HistoryDTO)
  location: variable historyService of type io.sclera.service.HistoryService
[ERROR] /C:/Users/KNageshNayak/Desktop/Work/Sclara-2.0/sclera-cloud-device-asset/src/main/java/io/sclera/service/DeviceService.java:[9846,31] cannot find symbol
  symbol:   method updateDeviceTypeForAllAsset(java.util.List<io.sclera.dto.DeviceTypesDTO>)
  location: variable assetMapperService of type io.sclera.service.touchscreen.assetmapper.AssetMapperService
[ERROR] /C:/Users/KNageshNayak/Desktop/Work/Sclara-2.0/sclera-cloud-device-asset/src/main/java/io/sclera/service/DeviceService.java:[10158,50] cannot find symbol
  symbol:   method getSyslogExcludeDeviceIds(java.lang.String,java.lang.String,java.lang.String,java.lang.String)
  location: variable syslogService of type io.sclera.service.SyslogService
[ERROR] /C:/Users/KNageshNayak/Desktop/Work/Sclara-2.0/sclera-cloud-device-asset/src/main/java/io/sclera/service/DeviceConditionsService.java:[121,69] cannot find symbol
  symbol:   method getAlertProfileDetailsById(<nulltype>,<nulltype>,java.lang.String)
  location: variable alertProfileService of type io.sclera.service.AlertProfileService
[ERROR] /C:/Users/KNageshNayak/Desktop/Work/Sclara-2.0/sclera-cloud-device-asset/src/main/java/io/sclera/service/DeviceConditionsService.java:[138,66] cannot find symbol
  symbol:   method getAlertProfileDetailsById(<nulltype>,<nulltype>,java.lang.String)
  location: variable alertProfileService of type io.sclera.service.AlertProfileService
[ERROR] /C:/Users/KNageshNayak/Desktop/Work/Sclara-2.0/sclera-cloud-device-asset/src/main/java/io/sclera/service/DeviceConditionsService.java:[155,48] cannot find symbol
  symbol:   method getDevices()
  location: variable shareConditions of type io.sclera.dto.ShareConditionsDTO
[ERROR] /C:/Users/KNageshNayak/Desktop/Work/Sclara-2.0/sclera-cloud-device-asset/src/main/java/io/sclera/service/DeviceConditionsService.java:[157,36] cannot find symbol
  symbol:   method getCondition_method()
  location: variable shareConditions of type io.sclera.dto.ShareConditionsDTO
[ERROR] /C:/Users/KNageshNayak/Desktop/Work/Sclara-2.0/sclera-cloud-device-asset/src/main/java/io/sclera/service/DeviceConditionsService.java:[157,85] cannot find symbol
  symbol:   method getCondition_method()
  location: variable shareConditions of type io.sclera.dto.ShareConditionsDTO
[ERROR] /C:/Users/KNageshNayak/Desktop/Work/Sclara-2.0/sclera-cloud-device-asset/src/main/java/io/sclera/service/DeviceConditionsService.java:[164,36] cannot find symbol
  symbol:   method getCondition_method()
  location: variable shareConditions of type io.sclera.dto.ShareConditionsDTO
[ERROR] /C:/Users/KNageshNayak/Desktop/Work/Sclara-2.0/sclera-cloud-device-asset/src/main/java/io/sclera/service/DeviceConditionsService.java:[164,86] cannot find symbol
  symbol:   method getCondition_method()
  location: variable shareConditions of type io.sclera.dto.ShareConditionsDTO
[ERROR] /C:/Users/KNageshNayak/Desktop/Work/Sclara-2.0/sclera-cloud-device-asset/src/main/java/io/sclera/service/DeviceConditionsService.java:[164,141] cannot find symbol
  symbol:   method getCondition_method()
  location: variable shareConditions of type io.sclera.dto.ShareConditionsDTO
[ERROR] /C:/Users/KNageshNayak/Desktop/Work/Sclara-2.0/sclera-cloud-device-asset/src/main/java/io/sclera/service/DeviceConditionsService.java:[166,55] cannot find symbol
  symbol:   method getDeviceConditions()
  location: variable shareConditions of type io.sclera.dto.ShareConditionsDTO
[ERROR] /C:/Users/KNageshNayak/Desktop/Work/Sclara-2.0/sclera-cloud-device-asset/src/main/java/io/sclera/service/DeviceConditionsService.java:[168,79] cannot find symbol
  symbol:   method getDeviceConditions()
  location: variable shareConditions of type io.sclera.dto.ShareConditionsDTO
[ERROR] /C:/Users/KNageshNayak/Desktop/Work/Sclara-2.0/sclera-cloud-device-asset/src/main/java/io/sclera/service/InterfaceService.java:[48,43] cannot find symbol
  symbol:   method getInterfaceCountByDevice(java.lang.String)
  location: variable interfaceRepository of type io.sclera.Repository.InterfaceRepository
[ERROR] /C:/Users/KNageshNayak/Desktop/Work/Sclara-2.0/sclera-cloud-device-asset/src/main/java/io/sclera/service/InterfaceService.java:[59,37] cannot find symbol
  symbol:   method validateSnmpParameters(io.sclera.dto.touchscreen.SnmpValuesDTO)
  location: variable snmpService of type io.sclera.service.SnmpService
[ERROR] /C:/Users/KNageshNayak/Desktop/Work/Sclara-2.0/sclera-cloud-device-asset/src/main/java/io/sclera/service/InterfaceService.java:[62,71] cannot find symbol
  symbol:   method syncSnmpInterfacebyDeviceId(java.lang.String,io.sclera.dto.touchscreen.SnmpValuesDTO)
  location: variable apiCallService of type io.sclera.service.APICallService
[ERROR] /C:/Users/KNageshNayak/Desktop/Work/Sclara-2.0/sclera-cloud-device-asset/src/main/java/io/sclera/service/InterfaceService.java:[64,92] cannot find symbol
  symbol:   method listDeviceInterfaceByDeviceId(java.lang.String)
  location: variable interfaceRepository of type io.sclera.Repository.InterfaceRepository
[ERROR] /C:/Users/KNageshNayak/Desktop/Work/Sclara-2.0/sclera-cloud-device-asset/src/main/java/io/sclera/service/InterfaceService.java:[68,76] cannot find symbol
  symbol:   method updateRequiredInterfaceById(java.lang.String,java.lang.String,java.lang.String,java.lang.String,java.lang.String,java.lang.String,java.lang.String,java.lang.String,java.lang.String,<nulltype>,<nulltype>,java.lang.String,<nulltype>)
  location: variable interfaceRepository of type io.sclera.Repository.InterfaceRepository
[ERROR] /C:/Users/KNageshNayak/Desktop/Work/Sclara-2.0/sclera-cloud-device-asset/src/main/java/io/sclera/service/InterfaceService.java:[191,87] cannot find symbol
  symbol:   method listDeviceInterfaceByDeviceId(java.lang.String)
  location: variable interfaceRepository of type io.sclera.Repository.InterfaceRepository
[ERROR] /C:/Users/KNageshNayak/Desktop/Work/Sclara-2.0/sclera-cloud-device-asset/src/main/java/io/sclera/service/InterfaceService.java:[223,84] cannot find symbol
  symbol:   method createInterfaceById(java.lang.String,java.lang.String,java.lang.String,java.lang.String,java.lang.String,java.lang.String,java.lang.String,java.lang.String,java.lang.String,java.lang.String,java.lang.String,java.lang.String,java.lang.String,java.lang.Integer)
  location: variable interfaceRepository of type io.sclera.Repository.InterfaceRepository
[ERROR] /C:/Users/KNageshNayak/Desktop/Work/Sclara-2.0/sclera-cloud-device-asset/src/main/java/io/sclera/service/InterfaceService.java:[228,84] cannot find symbol
  symbol:   method updateInterfaceById(java.lang.String,java.lang.String,java.lang.String,java.lang.String,java.lang.String,java.lang.String,java.lang.String,java.lang.String,java.lang.String,java.lang.String,java.lang.String,java.lang.String,java.lang.Integer)
  location: variable interfaceRepository of type io.sclera.Repository.InterfaceRepository
[ERROR] /C:/Users/KNageshNayak/Desktop/Work/Sclara-2.0/sclera-cloud-device-asset/src/main/java/io/sclera/service/InterfaceService.java:[242,84] cannot find symbol
  symbol:   method deleteByIndex(java.lang.String,java.lang.String)
  location: variable interfaceRepository of type io.sclera.Repository.InterfaceRepository
[ERROR] /C:/Users/KNageshNayak/Desktop/Work/Sclara-2.0/sclera-cloud-device-asset/src/main/java/io/sclera/service/InterfaceService.java:[265,76] cannot find symbol
  symbol:   method createInterfaceById(java.lang.String,java.lang.String,java.lang.String,java.lang.String,java.lang.String,java.lang.String,java.lang.String,java.lang.String,java.lang.String,java.lang.String,java.lang.String,java.lang.String,java.lang.String,java.lang.Integer)
  location: variable interfaceRepository of type io.sclera.Repository.InterfaceRepository
[ERROR] /C:/Users/KNageshNayak/Desktop/Work/Sclara-2.0/sclera-cloud-device-asset/src/main/java/io/sclera/service/InterfaceService.java:[288,36] cannot find symbol
  symbol:   method deleteByIndex(java.lang.String,java.lang.String)
  location: variable interfaceRepository of type io.sclera.Repository.InterfaceRepository
[ERROR] /C:/Users/KNageshNayak/Desktop/Work/Sclara-2.0/sclera-cloud-device-asset/src/main/java/io/sclera/service/InterfaceService.java:[338,71] cannot find symbol
  symbol:   method listDeviceInterfaceByDeviceId(java.lang.String)
  location: variable interfaceRepository of type io.sclera.Repository.InterfaceRepository
[ERROR] /C:/Users/KNageshNayak/Desktop/Work/Sclara-2.0/sclera-cloud-device-asset/src/main/java/io/sclera/service/InterfaceService.java:[348,100] cannot find symbol
  symbol:   method getJSONArrayFromJSONString(java.lang.String,java.lang.Class<java.lang.String>)
  location: variable apiCallService of type io.sclera.service.APICallService
[ERROR] /C:/Users/KNageshNayak/Desktop/Work/Sclara-2.0/sclera-cloud-device-asset/src/main/java/io/sclera/service/InterfaceService.java:[355,103] cannot find symbol
  symbol:   method getJSONArrayFromJSONString(java.lang.String,java.lang.Class<java.lang.String>)
  location: variable apiCallService of type io.sclera.service.APICallService
[ERROR] /C:/Users/KNageshNayak/Desktop/Work/Sclara-2.0/sclera-cloud-device-asset/src/main/java/io/sclera/service/InterfaceService.java:[387,68] cannot find symbol
  symbol:   method getAllNetworkSnmpDeviceData(java.lang.String)
  location: variable snmpService of type io.sclera.service.SnmpService
[ERROR] /C:/Users/KNageshNayak/Desktop/Work/Sclara-2.0/sclera-cloud-device-asset/src/main/java/io/sclera/service/InterfaceService.java:[420,32] cannot find symbol
  symbol:   method updateUnmanagedSwitch(java.lang.String,java.lang.String,java.lang.String,java.lang.String)
  location: variable interfaceRepository of type io.sclera.Repository.InterfaceRepository
[ERROR] /C:/Users/KNageshNayak/Desktop/Work/Sclara-2.0/sclera-cloud-device-asset/src/main/java/io/sclera/service/InterfaceService.java:[425,48] cannot find symbol
  symbol:   method getIfId(java.lang.String,java.lang.String)
  location: variable interfaceRepository of type io.sclera.Repository.InterfaceRepository
[ERROR] /C:/Users/KNageshNayak/Desktop/Work/Sclara-2.0/sclera-cloud-device-asset/src/main/java/io/sclera/service/InterfaceService.java:[432,44] cannot find symbol
  symbol:   method updateInterfaceStatusByIndex(java.lang.String,java.lang.String,java.lang.String)
  location: variable interfaceRepository of type io.sclera.Repository.InterfaceRepository
[ERROR] /C:/Users/KNageshNayak/Desktop/Work/Sclara-2.0/sclera-cloud-device-asset/src/main/java/io/sclera/service/InterfaceService.java:[436,38] cannot find symbol
  symbol:   method updateDeviceInterfaceStatus(io.sclera.dto.InterfaceDTO,java.lang.String,java.lang.String)
  location: variable socketService of type io.sclera.sockets.SocketService
[ERROR] /C:/Users/KNageshNayak/Desktop/Work/Sclara-2.0/sclera-cloud-device-asset/src/main/java/io/sclera/service/BuildingService.java:[79,49] cannot find symbol
  symbol:   method getSyncDetailsForADC()
  location: variable vdmsRepository of type io.sclera.Repository.VdmsRepository
[ERROR] /C:/Users/KNageshNayak/Desktop/Work/Sclara-2.0/sclera-cloud-device-asset/src/main/java/io/sclera/service/BuildingService.java:[117,62] incompatible types: java.lang.Object cannot be converted to io.sclera.dto.BuildingDTO
[ERROR] /C:/Users/KNageshNayak/Desktop/Work/Sclara-2.0/sclera-cloud-device-asset/src/main/java/io/sclera/service/BuildingService.java:[189,76] cannot find symbol
  symbol:   method getAllRecordChecklistByBuildings(java.util.List<java.lang.String>,java.util.List<java.lang.String>,java.util.List<java.lang.String>)
  location: variable recordChecklistService of type io.sclera.service.RecordChecklistService
[ERROR] /C:/Users/KNageshNayak/Desktop/Work/Sclara-2.0/sclera-cloud-device-asset/src/main/java/io/sclera/service/BuildingService.java:[197,127] cannot find symbol
  symbol:   method getBuilding_id()
  location: variable recordChecklistDTO of type io.sclera.dto.RecordChecklistDTO
[ERROR] /C:/Users/KNageshNayak/Desktop/Work/Sclara-2.0/sclera-cloud-device-asset/src/main/java/io/sclera/service/BuildingService.java:[198,41] cannot find symbol
  symbol:   method getRecord_type()
  location: variable record of type io.sclera.dto.RecordChecklistDTO
[ERROR] /C:/Users/KNageshNayak/Desktop/Work/Sclara-2.0/sclera-cloud-device-asset/src/main/java/io/sclera/service/BuildingService.java:[199,53] cannot find symbol
  symbol:   method getInspection_record_id()
  location: variable record of type io.sclera.dto.RecordChecklistDTO
[ERROR] /C:/Users/KNageshNayak/Desktop/Work/Sclara-2.0/sclera-cloud-device-asset/src/main/java/io/sclera/service/BuildingService.java:[283,39] cannot find symbol
  symbol:   method deleteFloorMapsByImageUrl(java.lang.String,java.util.List<io.sclera.dto.FloorDTO>)
  location: variable webClientService of type io.sclera.service.WebClientService
[ERROR] /C:/Users/KNageshNayak/Desktop/Work/Sclara-2.0/sclera-cloud-device-asset/src/main/java/io/sclera/service/BuildingService.java:[302,49] cannot find symbol
  symbol:   method getSyncDetailsForADC()
  location: variable vdmsRepository of type io.sclera.Repository.VdmsRepository
[ERROR] /C:/Users/KNageshNayak/Desktop/Work/Sclara-2.0/sclera-cloud-device-asset/src/main/java/io/sclera/service/BuildingService.java:[305,13] incompatible types: java.util.List<java.lang.String> cannot be converted to java.lang.String
[ERROR] /C:/Users/KNageshNayak/Desktop/Work/Sclara-2.0/sclera-cloud-device-asset/src/main/java/io/sclera/service/BuildingService.java:[318,73] incompatible types: java.util.List<java.lang.Object> cannot be converted to java.util.List<io.sclera.dto.BuildingDTO>
[ERROR] /C:/Users/KNageshNayak/Desktop/Work/Sclara-2.0/sclera-cloud-device-asset/src/main/java/io/sclera/service/Product_DetailsService.java:[46,36] cannot find symbol
  symbol:   variable product_detailsRepository
  location: class io.sclera.service.Product_DetailsService
[ERROR] /C:/Users/KNageshNayak/Desktop/Work/Sclara-2.0/sclera-cloud-device-asset/src/main/java/io/sclera/service/Product_DetailsService.java:[47,9] cannot find symbol
  symbol:   variable product_detailsRepository
  location: class io.sclera.service.Product_DetailsService
[ERROR] /C:/Users/KNageshNayak/Desktop/Work/Sclara-2.0/sclera-cloud-device-asset/src/main/java/io/sclera/service/MyDevicesService.java:[70,36] cannot find symbol
  symbol:   method getId()
  location: variable myDevicesCompany of type io.sclera.dto.MyDevicesCompanyDTO
[ERROR] /C:/Users/KNageshNayak/Desktop/Work/Sclara-2.0/sclera-cloud-device-asset/src/main/java/io/sclera/service/MyDevicesService.java:[74,95] cannot find symbol
  symbol:   method getCompany_name()
  location: variable myDevicesCompany of type io.sclera.dto.MyDevicesCompanyDTO
[ERROR] /C:/Users/KNageshNayak/Desktop/Work/Sclara-2.0/sclera-cloud-device-asset/src/main/java/io/sclera/service/MyDevicesService.java:[74,131] cannot find symbol
  symbol:   method getLocation_name()
  location: variable myDevicesCompany of type io.sclera.dto.MyDevicesCompanyDTO
[ERROR] /C:/Users/KNageshNayak/Desktop/Work/Sclara-2.0/sclera-cloud-device-asset/src/main/java/io/sclera/service/MyDevicesService.java:[78,91] cannot find symbol
  symbol:   method getId()
  location: variable myDevicesCompany of type io.sclera.dto.MyDevicesCompanyDTO
[ERROR] /C:/Users/KNageshNayak/Desktop/Work/Sclara-2.0/sclera-cloud-device-asset/src/main/java/io/sclera/service/MyDevicesService.java:[78,117] cannot find symbol
  symbol:   method getCompany_name()
  location: variable myDevicesCompany of type io.sclera.dto.MyDevicesCompanyDTO
[ERROR] /C:/Users/KNageshNayak/Desktop/Work/Sclara-2.0/sclera-cloud-device-asset/src/main/java/io/sclera/service/MyDevicesService.java:[79,57] cannot find symbol
  symbol:   method getLocation_name()
  location: variable myDevicesCompany of type io.sclera.dto.MyDevicesCompanyDTO
[INFO] 100 errors 
[INFO] -------------------------------------------------------------
[INFO] ------------------------------------------------------------------------
[INFO] BUILD FAILURE
[INFO] ------------------------------------------------------------------------
[INFO] Total time:  9.827 s
[INFO] Finished at: 2026-05-13T18:19:55+05:30
[INFO] ------------------------------------------------------------------------
[ERROR] Failed to execute goal org.apache.maven.plugins:maven-compiler-plugin:3.13.0:compile (default-compile) on project Sclera: Compilation failure: Compilation failure: 
[ERROR] /C:/Users/KNageshNayak/Desktop/Work/Sclara-2.0/sclera-cloud-device-asset/src/main/java/io/sclera/service/DeviceService.java:[4969,63] cannot find symbol
[ERROR]   symbol:   method getAlertProfileById(java.lang.String)
[ERROR]   location: variable alertProfileService of type io.sclera.service.AlertProfileService
[ERROR] /C:/Users/KNageshNayak/Desktop/Work/Sclara-2.0/sclera-cloud-device-asset/src/main/java/io/sclera/service/DeviceService.java:[5572,45] cannot find symbol
[ERROR]   symbol:   method getDeviceIdByModbusRegisterId(java.lang.String)
[ERROR]   location: variable modbusService of type io.sclera.service.ModbusService
[ERROR] /C:/Users/KNageshNayak/Desktop/Work/Sclara-2.0/sclera-cloud-device-asset/src/main/java/io/sclera/service/DeviceService.java:[5582,46] cannot find symbol
[ERROR]   symbol:   method getModbusRegisterAlertStatusByDeviceId(java.lang.String)
[ERROR]   location: variable modbusService of type io.sclera.service.ModbusService
[ERROR] /C:/Users/KNageshNayak/Desktop/Work/Sclara-2.0/sclera-cloud-device-asset/src/main/java/io/sclera/service/DeviceService.java:[5597,45] cannot find symbol
[ERROR]   symbol:   method getDeviceIdByModbusRegisterId(java.lang.String)
[ERROR]   location: variable modbusService of type io.sclera.service.ModbusService
[ERROR] /C:/Users/KNageshNayak/Desktop/Work/Sclara-2.0/sclera-cloud-device-asset/src/main/java/io/sclera/service/DeviceService.java:[5608,53] cannot find symbol
[ERROR]   symbol:   method getModbusRegistersCountByDeviceId(java.lang.String)
[ERROR]   location: variable modbusService of type io.sclera.service.ModbusService
[ERROR] /C:/Users/KNageshNayak/Desktop/Work/Sclara-2.0/sclera-cloud-device-asset/src/main/java/io/sclera/service/DeviceService.java:[6467,21] cannot find symbol
[ERROR]   symbol:   method sendDownloadEmail(com.alibaba.fastjson.JSONObject,org.springframework.web.multipart.MultipartFile,java.lang.String,java.lang.String)
[ERROR]   location: variable alertService of type io.sclera.service.AlertService
[ERROR] /C:/Users/KNageshNayak/Desktop/Work/Sclara-2.0/sclera-cloud-device-asset/src/main/java/io/sclera/service/DeviceService.java:[7646,50] cannot find symbol
[ERROR]   symbol:   method getScheduleAlert()
[ERROR]   location: variable conditionData of type io.sclera.dto.ConditionsAdvanceExportExcelDto
[ERROR] /C:/Users/KNageshNayak/Desktop/Work/Sclara-2.0/sclera-cloud-device-asset/src/main/java/io/sclera/service/DeviceService.java:[7646,93] cannot find symbol
[ERROR]   symbol:   method getScheduleAlert()
[ERROR]   location: variable conditionData of type io.sclera.dto.ConditionsAdvanceExportExcelDto
[ERROR] /C:/Users/KNageshNayak/Desktop/Work/Sclara-2.0/sclera-cloud-device-asset/src/main/java/io/sclera/service/DeviceService.java:[7651,53] cannot find symbol
[ERROR]   symbol:   method getScheduleStartTime()
[ERROR]   location: variable conditionData of type io.sclera.dto.ConditionsAdvanceExportExcelDto
[ERROR] /C:/Users/KNageshNayak/Desktop/Work/Sclara-2.0/sclera-cloud-device-asset/src/main/java/io/sclera/service/DeviceService.java:[7651,100] cannot find symbol
[ERROR]   symbol:   method getScheduleStartTime()
[ERROR]   location: variable conditionData of type io.sclera.dto.ConditionsAdvanceExportExcelDto
[ERROR] /C:/Users/KNageshNayak/Desktop/Work/Sclara-2.0/sclera-cloud-device-asset/src/main/java/io/sclera/service/DeviceService.java:[7655,51] cannot find symbol
[ERROR]   symbol:   method getScheduleEndTime()
[ERROR]   location: variable conditionData of type io.sclera.dto.ConditionsAdvanceExportExcelDto
[ERROR] /C:/Users/KNageshNayak/Desktop/Work/Sclara-2.0/sclera-cloud-device-asset/src/main/java/io/sclera/service/DeviceService.java:[7655,96] cannot find symbol
[ERROR]   symbol:   method getScheduleEndTime()
[ERROR]   location: variable conditionData of type io.sclera.dto.ConditionsAdvanceExportExcelDto
[ERROR] /C:/Users/KNageshNayak/Desktop/Work/Sclara-2.0/sclera-cloud-device-asset/src/main/java/io/sclera/service/DeviceService.java:[7659,40] cannot find symbol
[ERROR]   symbol:   method getScheduleConditions()
[ERROR]   location: variable conditionData of type io.sclera.dto.ConditionsAdvanceExportExcelDto
[ERROR] /C:/Users/KNageshNayak/Desktop/Work/Sclara-2.0/sclera-cloud-device-asset/src/main/java/io/sclera/service/DeviceService.java:[7659,88] cannot find symbol
[ERROR]   symbol:   method getScheduleConditions()
[ERROR]   location: variable conditionData of type io.sclera.dto.ConditionsAdvanceExportExcelDto
[ERROR] /C:/Users/KNageshNayak/Desktop/Work/Sclara-2.0/sclera-cloud-device-asset/src/main/java/io/sclera/service/DeviceService.java:[7665,53] cannot find symbol
[ERROR]   symbol:   method getAlertCountEnable()
[ERROR]   location: variable conditionData of type io.sclera.dto.ConditionsAdvanceExportExcelDto
[ERROR] /C:/Users/KNageshNayak/Desktop/Work/Sclara-2.0/sclera-cloud-device-asset/src/main/java/io/sclera/service/DeviceService.java:[7665,99] cannot find symbol
[ERROR]   symbol:   method getAlertCountEnable()
[ERROR]   location: variable conditionData of type io.sclera.dto.ConditionsAdvanceExportExcelDto
[ERROR] /C:/Users/KNageshNayak/Desktop/Work/Sclara-2.0/sclera-cloud-device-asset/src/main/java/io/sclera/service/DeviceService.java:[7736,36] cannot find symbol
[ERROR]   symbol:   method getAlertProfileName()
[ERROR]   location: variable bmsData of type io.sclera.dto.SiemensBmsExportDTO
[ERROR] /C:/Users/KNageshNayak/Desktop/Work/Sclara-2.0/sclera-cloud-device-asset/src/main/java/io/sclera/service/DeviceService.java:[7736,76] cannot find symbol
[ERROR]   symbol:   method getAlertProfileName()
[ERROR]   location: variable bmsData of type io.sclera.dto.SiemensBmsExportDTO
[ERROR] /C:/Users/KNageshNayak/Desktop/Work/Sclara-2.0/sclera-cloud-device-asset/src/main/java/io/sclera/service/DeviceService.java:[8470,23] cannot find symbol
[ERROR]   symbol:   method updateSiemensDeviceId(java.lang.String,java.lang.String)
[ERROR]   location: variable siemensService of type io.sclera.service.SiemensService
[ERROR] /C:/Users/KNageshNayak/Desktop/Work/Sclara-2.0/sclera-cloud-device-asset/src/main/java/io/sclera/service/DeviceService.java:[8479,31] cannot find symbol
[ERROR]   symbol:   method updateDeviceGlobalChecklistDeviceId(java.lang.String,java.lang.String)
[ERROR]   location: variable globalChecklistService of type io.sclera.service.GlobalChecklistService
[ERROR] /C:/Users/KNageshNayak/Desktop/Work/Sclara-2.0/sclera-cloud-device-asset/src/main/java/io/sclera/service/DeviceService.java:[8480,31] cannot find symbol
[ERROR]   symbol:   method updateRecordChecklistByDeviceId(java.lang.String,java.lang.String,java.util.Set<java.lang.String>)
[ERROR]   location: variable recordChecklistService of type io.sclera.service.RecordChecklistService
[ERROR] /C:/Users/KNageshNayak/Desktop/Work/Sclara-2.0/sclera-cloud-device-asset/src/main/java/io/sclera/service/DeviceService.java:[8484,22] cannot find symbol
[ERROR]   symbol:   method updateBacnetObjectDeviceId(java.lang.String,java.lang.String,java.util.Set<java.lang.String>)
[ERROR]   location: variable bacnetService of type io.sclera.service.BacnetService
[ERROR] /C:/Users/KNageshNayak/Desktop/Work/Sclara-2.0/sclera-cloud-device-asset/src/main/java/io/sclera/service/DeviceService.java:[8485,24] cannot find symbol
[ERROR]   symbol:   method updateDaintreeDeviceByDeviceId(java.lang.String,java.lang.String,java.util.Set<java.lang.String>)
[ERROR]   location: variable daintreeService of type io.sclera.service.DaintreeService
[ERROR] /C:/Users/KNageshNayak/Desktop/Work/Sclara-2.0/sclera-cloud-device-asset/src/main/java/io/sclera/service/DeviceService.java:[8486,26] cannot find symbol
[ERROR]   symbol:   method updateDisruptiveSensorDeviceId(java.lang.String,java.lang.String,java.util.Set<java.lang.String>)
[ERROR]   location: variable disruptiveService of type io.sclera.service.DisruptiveService
[ERROR] /C:/Users/KNageshNayak/Desktop/Work/Sclara-2.0/sclera-cloud-device-asset/src/main/java/io/sclera/service/DeviceService.java:[8487,22] cannot find symbol
[ERROR]   symbol:   method updateEcobeeSensorDeviceId(java.lang.String,java.lang.String,java.util.Set<java.lang.String>)
[ERROR]   location: variable ecobeeService of type io.sclera.service.EcobeeService
[ERROR] /C:/Users/KNageshNayak/Desktop/Work/Sclara-2.0/sclera-cloud-device-asset/src/main/java/io/sclera/service/DeviceService.java:[8488,19] cannot find symbol
[ERROR]   symbol:   method updateKnxGroupDeviceId(java.lang.String,java.lang.String,java.util.Set<java.lang.String>)
[ERROR]   location: variable knxService of type io.sclera.service.KNXService
[ERROR] /C:/Users/KNageshNayak/Desktop/Work/Sclara-2.0/sclera-cloud-device-asset/src/main/java/io/sclera/service/DeviceService.java:[8489,23] cannot find symbol
[ERROR]   symbol:   method updateLorawanSensorDeviceId(java.lang.String,java.lang.String,java.util.Set<java.lang.String>)
[ERROR]   location: variable lorawanService of type io.sclera.service.LorawanService
[ERROR] /C:/Users/KNageshNayak/Desktop/Work/Sclara-2.0/sclera-cloud-device-asset/src/main/java/io/sclera/service/DeviceService.java:[8490,22] cannot find symbol
[ERROR]   symbol:   method updateMonnitSensorDeviceId(java.lang.String,java.lang.String,java.util.Set<java.lang.String>)
[ERROR]   location: variable monnitService of type io.sclera.service.MonnitService
[ERROR] /C:/Users/KNageshNayak/Desktop/Work/Sclara-2.0/sclera-cloud-device-asset/src/main/java/io/sclera/service/DeviceService.java:[8492,23] cannot find symbol
[ERROR]   symbol:   method updatePelicanSensorDeviceId(java.lang.String,java.lang.String,java.util.Set<java.lang.String>)
[ERROR]   location: variable pelicanService of type io.sclera.service.PelicanService
[ERROR] /C:/Users/KNageshNayak/Desktop/Work/Sclara-2.0/sclera-cloud-device-asset/src/main/java/io/sclera/service/DeviceService.java:[8494,20] cannot find symbol
[ERROR]   symbol:   method updateSnmpObjectDeviceId(java.lang.String,java.lang.String,java.util.Set<java.lang.String>)
[ERROR]   location: variable snmpService of type io.sclera.service.SnmpService
[ERROR] /C:/Users/KNageshNayak/Desktop/Work/Sclara-2.0/sclera-cloud-device-asset/src/main/java/io/sclera/service/DeviceService.java:[8495,24] cannot find symbol
[ERROR]   symbol:   method updatePolyLensDeviceId(java.lang.String,java.lang.String,java.util.Set<java.lang.String>)
[ERROR]   location: variable polyLensService of type io.sclera.service.PolyLensService
[ERROR] /C:/Users/KNageshNayak/Desktop/Work/Sclara-2.0/sclera-cloud-device-asset/src/main/java/io/sclera/service/DeviceService.java:[8582,27] cannot find symbol
[ERROR]   symbol:   method updateHistoryDeviceId(java.lang.String,java.lang.String)
[ERROR]   location: variable historyService of type io.sclera.service.HistoryService
[ERROR] /C:/Users/KNageshNayak/Desktop/Work/Sclara-2.0/sclera-cloud-device-asset/src/main/java/io/sclera/service/DeviceService.java:[8652,49] cannot find symbol
[ERROR]   symbol:   method setAction(java.lang.String)
[ERROR]   location: variable userActionLogDTO of type io.sclera.service.UserActionLogDTO
[ERROR] /C:/Users/KNageshNayak/Desktop/Work/Sclara-2.0/sclera-cloud-device-asset/src/main/java/io/sclera/service/DeviceService.java:[8659,53] cannot find symbol
[ERROR]   symbol:   method setAction(java.lang.String)
[ERROR]   location: variable userActionLogDTO of type io.sclera.service.UserActionLogDTO
[ERROR] /C:/Users/KNageshNayak/Desktop/Work/Sclara-2.0/sclera-cloud-device-asset/src/main/java/io/sclera/service/DeviceService.java:[8690,23] cannot find symbol
[ERROR]   symbol:   method sendDigitalTwinData(java.util.Set<java.lang.String>)
[ERROR]   location: variable iocService of type io.sclera.service.IOCService
[ERROR] /C:/Users/KNageshNayak/Desktop/Work/Sclara-2.0/sclera-cloud-device-asset/src/main/java/io/sclera/service/DeviceService.java:[8691,33] cannot find symbol
[ERROR]   symbol:   method batchUpdateUserActionLogs(java.util.List<io.sclera.service.UserActionLogDTO>)
[ERROR]   location: variable userActionLogService of type io.sclera.service.UserActionLogService
[ERROR] /C:/Users/KNageshNayak/Desktop/Work/Sclara-2.0/sclera-cloud-device-asset/src/main/java/io/sclera/service/DeviceService.java:[8716,19] cannot find symbol
[ERROR]   symbol:   method sendDigitalTwinData(java.util.HashSet<java.lang.String>)
[ERROR]   location: variable iocService of type io.sclera.service.IOCService
[ERROR] /C:/Users/KNageshNayak/Desktop/Work/Sclara-2.0/sclera-cloud-device-asset/src/main/java/io/sclera/service/DeviceService.java:[8729,47] cannot find symbol
[ERROR]   symbol:   method multiEditDigitalTwin(java.lang.String,org.springframework.web.multipart.MultipartFile,java.lang.String,java.util.Set<java.lang.String>)
[ERROR]   location: variable webClientService of type io.sclera.service.WebClientService
[ERROR] /C:/Users/KNageshNayak/Desktop/Work/Sclara-2.0/sclera-cloud-device-asset/src/main/java/io/sclera/service/DeviceService.java:[8765,27] cannot find symbol
[ERROR]   symbol:   method sendDigitalTwinData(java.util.Set<java.lang.String>)
[ERROR]   location: variable iocService of type io.sclera.service.IOCService
[ERROR] /C:/Users/KNageshNayak/Desktop/Work/Sclara-2.0/sclera-cloud-device-asset/src/main/java/io/sclera/service/DeviceService.java:[8820,57] cannot find symbol
[ERROR]   symbol:   method setAction(java.lang.String)
[ERROR]   location: variable userActionLogDTO of type io.sclera.service.UserActionLogDTO
[ERROR] /C:/Users/KNageshNayak/Desktop/Work/Sclara-2.0/sclera-cloud-device-asset/src/main/java/io/sclera/service/DeviceService.java:[8828,61] cannot find symbol
[ERROR]   symbol:   method setAction(java.lang.String)
[ERROR]   location: variable userActionLogDTO of type io.sclera.service.UserActionLogDTO
[ERROR] /C:/Users/KNageshNayak/Desktop/Work/Sclara-2.0/sclera-cloud-device-asset/src/main/java/io/sclera/service/DeviceService.java:[8852,37] cannot find symbol
[ERROR]   symbol:   method batchUpdateUserActionLogs(java.util.List<io.sclera.service.UserActionLogDTO>)
[ERROR]   location: variable userActionLogService of type io.sclera.service.UserActionLogService
[ERROR] /C:/Users/KNageshNayak/Desktop/Work/Sclara-2.0/sclera-cloud-device-asset/src/main/java/io/sclera/service/DeviceService.java:[9071,62] cannot find symbol
[ERROR]   symbol:   method getPolyLensDeviceCountByDeviceId(java.lang.String)
[ERROR]   location: variable polyLensService of type io.sclera.service.PolyLensService
[ERROR] /C:/Users/KNageshNayak/Desktop/Work/Sclara-2.0/sclera-cloud-device-asset/src/main/java/io/sclera/service/DeviceService.java:[9097,54] cannot find symbol
[ERROR]   symbol:   method getMqttDeviceCountByDeviceId(java.lang.String)
[ERROR]   location: variable mqttService of type io.sclera.service.MqttService
[ERROR] /C:/Users/KNageshNayak/Desktop/Work/Sclara-2.0/sclera-cloud-device-asset/src/main/java/io/sclera/service/DeviceService.java:[9509,21] cannot find symbol
[ERROR]   symbol:   method sendDownloadEmail(com.alibaba.fastjson.JSONObject,org.springframework.web.multipart.MultipartFile,java.lang.String,java.lang.String)
[ERROR]   location: variable alertService of type io.sclera.service.AlertService
[ERROR] /C:/Users/KNageshNayak/Desktop/Work/Sclara-2.0/sclera-cloud-device-asset/src/main/java/io/sclera/service/DeviceService.java:[9607,68] cannot find symbol
[ERROR]   symbol:   method countByDeviceId(java.lang.String)
[ERROR]   location: variable qrCodeRepository of type io.sclera.Repository.QrCodeRepository
[ERROR] /C:/Users/KNageshNayak/Desktop/Work/Sclara-2.0/sclera-cloud-device-asset/src/main/java/io/sclera/service/DeviceService.java:[9610,74] cannot find symbol
[ERROR]   symbol:   method countByDeviceId(java.lang.String)
[ERROR]   location: variable clientQrCodeRepository of type io.sclera.Repository.ClientQrCodeRepository
[ERROR] /C:/Users/KNageshNayak/Desktop/Work/Sclara-2.0/sclera-cloud-device-asset/src/main/java/io/sclera/service/DeviceService.java:[9612,67] cannot find symbol
[ERROR]   symbol:   method countByDeviceId(java.lang.String)
[ERROR]   location: variable qrCodeRepository of type io.sclera.Repository.QrCodeRepository
[ERROR] /C:/Users/KNageshNayak/Desktop/Work/Sclara-2.0/sclera-cloud-device-asset/src/main/java/io/sclera/service/DeviceService.java:[9612,141] cannot find symbol
[ERROR]   symbol:   method countByDeviceId(java.lang.String)
[ERROR]   location: variable clientQrCodeRepository of type io.sclera.Repository.ClientQrCodeRepository
[ERROR] /C:/Users/KNageshNayak/Desktop/Work/Sclara-2.0/sclera-cloud-device-asset/src/main/java/io/sclera/service/DeviceService.java:[9767,26] cannot find symbol
[ERROR]   symbol:   method socketDeviceUpdate(java.util.Set<io.sclera.dto.DeviceDTO>)
[ERROR]   location: variable socketservice of type io.sclera.sockets.SocketService
[ERROR] /C:/Users/KNageshNayak/Desktop/Work/Sclara-2.0/sclera-cloud-device-asset/src/main/java/io/sclera/service/DeviceService.java:[9789,23] cannot find symbol
[ERROR]   symbol:   method addHistoryWithTimestamp(io.sclera.dto.HistoryDTO)
[ERROR]   location: variable historyService of type io.sclera.service.HistoryService
[ERROR] /C:/Users/KNageshNayak/Desktop/Work/Sclara-2.0/sclera-cloud-device-asset/src/main/java/io/sclera/service/DeviceService.java:[9846,31] cannot find symbol
[ERROR]   symbol:   method updateDeviceTypeForAllAsset(java.util.List<io.sclera.dto.DeviceTypesDTO>)
[ERROR]   location: variable assetMapperService of type io.sclera.service.touchscreen.assetmapper.AssetMapperService
[ERROR] /C:/Users/KNageshNayak/Desktop/Work/Sclara-2.0/sclera-cloud-device-asset/src/main/java/io/sclera/service/DeviceService.java:[10158,50] cannot find symbol
[ERROR]   symbol:   method getSyslogExcludeDeviceIds(java.lang.String,java.lang.String,java.lang.String,java.lang.String)
[ERROR]   location: variable syslogService of type io.sclera.service.SyslogService
[ERROR] /C:/Users/KNageshNayak/Desktop/Work/Sclara-2.0/sclera-cloud-device-asset/src/main/java/io/sclera/service/DeviceConditionsService.java:[121,69] cannot find symbol
[ERROR]   symbol:   method getAlertProfileDetailsById(<nulltype>,<nulltype>,java.lang.String)
[ERROR]   location: variable alertProfileService of type io.sclera.service.AlertProfileService
[ERROR] /C:/Users/KNageshNayak/Desktop/Work/Sclara-2.0/sclera-cloud-device-asset/src/main/java/io/sclera/service/DeviceConditionsService.java:[138,66] cannot find symbol
[ERROR]   symbol:   method getAlertProfileDetailsById(<nulltype>,<nulltype>,java.lang.String)
[ERROR]   location: variable alertProfileService of type io.sclera.service.AlertProfileService
[ERROR] /C:/Users/KNageshNayak/Desktop/Work/Sclara-2.0/sclera-cloud-device-asset/src/main/java/io/sclera/service/DeviceConditionsService.java:[155,48] cannot find symbol
[ERROR]   symbol:   method getDevices()
[ERROR]   location: variable shareConditions of type io.sclera.dto.ShareConditionsDTO
[ERROR] /C:/Users/KNageshNayak/Desktop/Work/Sclara-2.0/sclera-cloud-device-asset/src/main/java/io/sclera/service/DeviceConditionsService.java:[157,36] cannot find symbol
[ERROR]   symbol:   method getCondition_method()
[ERROR]   location: variable shareConditions of type io.sclera.dto.ShareConditionsDTO
[ERROR] /C:/Users/KNageshNayak/Desktop/Work/Sclara-2.0/sclera-cloud-device-asset/src/main/java/io/sclera/service/DeviceConditionsService.java:[157,85] cannot find symbol
[ERROR]   symbol:   method getCondition_method()
[ERROR]   location: variable shareConditions of type io.sclera.dto.ShareConditionsDTO
[ERROR] /C:/Users/KNageshNayak/Desktop/Work/Sclara-2.0/sclera-cloud-device-asset/src/main/java/io/sclera/service/DeviceConditionsService.java:[164,36] cannot find symbol
[ERROR]   symbol:   method getCondition_method()
[ERROR]   location: variable shareConditions of type io.sclera.dto.ShareConditionsDTO
[ERROR] /C:/Users/KNageshNayak/Desktop/Work/Sclara-2.0/sclera-cloud-device-asset/src/main/java/io/sclera/service/DeviceConditionsService.java:[164,86] cannot find symbol
[ERROR]   symbol:   method getCondition_method()
[ERROR]   location: variable shareConditions of type io.sclera.dto.ShareConditionsDTO
[ERROR] /C:/Users/KNageshNayak/Desktop/Work/Sclara-2.0/sclera-cloud-device-asset/src/main/java/io/sclera/service/DeviceConditionsService.java:[164,141] cannot find symbol
[ERROR]   symbol:   method getCondition_method()
[ERROR]   location: variable shareConditions of type io.sclera.dto.ShareConditionsDTO
[ERROR] /C:/Users/KNageshNayak/Desktop/Work/Sclara-2.0/sclera-cloud-device-asset/src/main/java/io/sclera/service/DeviceConditionsService.java:[166,55] cannot find symbol
[ERROR]   symbol:   method getDeviceConditions()
[ERROR]   location: variable shareConditions of type io.sclera.dto.ShareConditionsDTO
[ERROR] /C:/Users/KNageshNayak/Desktop/Work/Sclara-2.0/sclera-cloud-device-asset/src/main/java/io/sclera/service/DeviceConditionsService.java:[168,79] cannot find symbol
[ERROR]   symbol:   method getDeviceConditions()
[ERROR]   location: variable shareConditions of type io.sclera.dto.ShareConditionsDTO
[ERROR] /C:/Users/KNageshNayak/Desktop/Work/Sclara-2.0/sclera-cloud-device-asset/src/main/java/io/sclera/service/InterfaceService.java:[48,43] cannot find symbol
[ERROR]   symbol:   method getInterfaceCountByDevice(java.lang.String)
[ERROR]   location: variable interfaceRepository of type io.sclera.Repository.InterfaceRepository
[ERROR] /C:/Users/KNageshNayak/Desktop/Work/Sclara-2.0/sclera-cloud-device-asset/src/main/java/io/sclera/service/InterfaceService.java:[59,37] cannot find symbol
[ERROR]   symbol:   method validateSnmpParameters(io.sclera.dto.touchscreen.SnmpValuesDTO)
[ERROR]   location: variable snmpService of type io.sclera.service.SnmpService
[ERROR] /C:/Users/KNageshNayak/Desktop/Work/Sclara-2.0/sclera-cloud-device-asset/src/main/java/io/sclera/service/InterfaceService.java:[62,71] cannot find symbol
[ERROR]   symbol:   method syncSnmpInterfacebyDeviceId(java.lang.String,io.sclera.dto.touchscreen.SnmpValuesDTO)
[ERROR]   location: variable apiCallService of type io.sclera.service.APICallService
[ERROR] /C:/Users/KNageshNayak/Desktop/Work/Sclara-2.0/sclera-cloud-device-asset/src/main/java/io/sclera/service/InterfaceService.java:[64,92] cannot find symbol
[ERROR]   symbol:   method listDeviceInterfaceByDeviceId(java.lang.String)
[ERROR]   location: variable interfaceRepository of type io.sclera.Repository.InterfaceRepository
[ERROR] /C:/Users/KNageshNayak/Desktop/Work/Sclara-2.0/sclera-cloud-device-asset/src/main/java/io/sclera/service/InterfaceService.java:[68,76] cannot find symbol
[ERROR]   symbol:   method updateRequiredInterfaceById(java.lang.String,java.lang.String,java.lang.String,java.lang.String,java.lang.String,java.lang.String,java.lang.String,java.lang.String,java.lang.String,<nulltype>,<nulltype>,java.lang.String,<nulltype>)
[ERROR]   location: variable interfaceRepository of type io.sclera.Repository.InterfaceRepository
[ERROR] /C:/Users/KNageshNayak/Desktop/Work/Sclara-2.0/sclera-cloud-device-asset/src/main/java/io/sclera/service/InterfaceService.java:[191,87] cannot find symbol
[ERROR]   symbol:   method listDeviceInterfaceByDeviceId(java.lang.String)
[ERROR]   location: variable interfaceRepository of type io.sclera.Repository.InterfaceRepository
[ERROR] /C:/Users/KNageshNayak/Desktop/Work/Sclara-2.0/sclera-cloud-device-asset/src/main/java/io/sclera/service/InterfaceService.java:[223,84] cannot find symbol
[ERROR]   symbol:   method createInterfaceById(java.lang.String,java.lang.String,java.lang.String,java.lang.String,java.lang.String,java.lang.String,java.lang.String,java.lang.String,java.lang.String,java.lang.String,java.lang.String,java.lang.String,java.lang.String,java.lang.Integer)
[ERROR]   location: variable interfaceRepository of type io.sclera.Repository.InterfaceRepository
[ERROR] /C:/Users/KNageshNayak/Desktop/Work/Sclara-2.0/sclera-cloud-device-asset/src/main/java/io/sclera/service/InterfaceService.java:[228,84] cannot find symbol
[ERROR]   symbol:   method updateInterfaceById(java.lang.String,java.lang.String,java.lang.String,java.lang.String,java.lang.String,java.lang.String,java.lang.String,java.lang.String,java.lang.String,java.lang.String,java.lang.String,java.lang.String,java.lang.Integer)
[ERROR]   location: variable interfaceRepository of type io.sclera.Repository.InterfaceRepository
[ERROR] /C:/Users/KNageshNayak/Desktop/Work/Sclara-2.0/sclera-cloud-device-asset/src/main/java/io/sclera/service/InterfaceService.java:[242,84] cannot find symbol
[ERROR]   symbol:   method deleteByIndex(java.lang.String,java.lang.String)
[ERROR]   location: variable interfaceRepository of type io.sclera.Repository.InterfaceRepository
[ERROR] /C:/Users/KNageshNayak/Desktop/Work/Sclara-2.0/sclera-cloud-device-asset/src/main/java/io/sclera/service/InterfaceService.java:[265,76] cannot find symbol
[ERROR]   symbol:   method createInterfaceById(java.lang.String,java.lang.String,java.lang.String,java.lang.String,java.lang.String,java.lang.String,java.lang.String,java.lang.String,java.lang.String,java.lang.String,java.lang.String,java.lang.String,java.lang.String,java.lang.Integer)
[ERROR]   location: variable interfaceRepository of type io.sclera.Repository.InterfaceRepository
[ERROR] /C:/Users/KNageshNayak/Desktop/Work/Sclara-2.0/sclera-cloud-device-asset/src/main/java/io/sclera/service/InterfaceService.java:[288,36] cannot find symbol
[ERROR]   symbol:   method deleteByIndex(java.lang.String,java.lang.String)
[ERROR]   location: variable interfaceRepository of type io.sclera.Repository.InterfaceRepository
[ERROR] /C:/Users/KNageshNayak/Desktop/Work/Sclara-2.0/sclera-cloud-device-asset/src/main/java/io/sclera/service/InterfaceService.java:[338,71] cannot find symbol
[ERROR]   symbol:   method listDeviceInterfaceByDeviceId(java.lang.String)
[ERROR]   location: variable interfaceRepository of type io.sclera.Repository.InterfaceRepository
[ERROR] /C:/Users/KNageshNayak/Desktop/Work/Sclara-2.0/sclera-cloud-device-asset/src/main/java/io/sclera/service/InterfaceService.java:[348,100] cannot find symbol
[ERROR]   symbol:   method getJSONArrayFromJSONString(java.lang.String,java.lang.Class<java.lang.String>)
[ERROR]   location: variable apiCallService of type io.sclera.service.APICallService
[ERROR] /C:/Users/KNageshNayak/Desktop/Work/Sclara-2.0/sclera-cloud-device-asset/src/main/java/io/sclera/service/InterfaceService.java:[355,103] cannot find symbol
[ERROR]   symbol:   method getJSONArrayFromJSONString(java.lang.String,java.lang.Class<java.lang.String>)
[ERROR]   location: variable apiCallService of type io.sclera.service.APICallService
[ERROR] /C:/Users/KNageshNayak/Desktop/Work/Sclara-2.0/sclera-cloud-device-asset/src/main/java/io/sclera/service/InterfaceService.java:[387,68] cannot find symbol
[ERROR]   symbol:   method getAllNetworkSnmpDeviceData(java.lang.String)
[ERROR]   location: variable snmpService of type io.sclera.service.SnmpService
[ERROR] /C:/Users/KNageshNayak/Desktop/Work/Sclara-2.0/sclera-cloud-device-asset/src/main/java/io/sclera/service/InterfaceService.java:[420,32] cannot find symbol
[ERROR]   symbol:   method updateUnmanagedSwitch(java.lang.String,java.lang.String,java.lang.String,java.lang.String)
[ERROR]   location: variable interfaceRepository of type io.sclera.Repository.InterfaceRepository
[ERROR] /C:/Users/KNageshNayak/Desktop/Work/Sclara-2.0/sclera-cloud-device-asset/src/main/java/io/sclera/service/InterfaceService.java:[425,48] cannot find symbol
[ERROR]   symbol:   method getIfId(java.lang.String,java.lang.String)
[ERROR]   location: variable interfaceRepository of type io.sclera.Repository.InterfaceRepository
[ERROR] /C:/Users/KNageshNayak/Desktop/Work/Sclara-2.0/sclera-cloud-device-asset/src/main/java/io/sclera/service/InterfaceService.java:[432,44] cannot find symbol
[ERROR]   symbol:   method updateInterfaceStatusByIndex(java.lang.String,java.lang.String,java.lang.String)
[ERROR]   location: variable interfaceRepository of type io.sclera.Repository.InterfaceRepository
[ERROR] /C:/Users/KNageshNayak/Desktop/Work/Sclara-2.0/sclera-cloud-device-asset/src/main/java/io/sclera/service/InterfaceService.java:[436,38] cannot find symbol
[ERROR]   symbol:   method updateDeviceInterfaceStatus(io.sclera.dto.InterfaceDTO,java.lang.String,java.lang.String)
[ERROR]   location: variable socketService of type io.sclera.sockets.SocketService
[ERROR] /C:/Users/KNageshNayak/Desktop/Work/Sclara-2.0/sclera-cloud-device-asset/src/main/java/io/sclera/service/BuildingService.java:[79,49] cannot find symbol
[ERROR]   symbol:   method getSyncDetailsForADC()
[ERROR]   location: variable vdmsRepository of type io.sclera.Repository.VdmsRepository
[ERROR] /C:/Users/KNageshNayak/Desktop/Work/Sclara-2.0/sclera-cloud-device-asset/src/main/java/io/sclera/service/BuildingService.java:[117,62] incompatible types: java.lang.Object cannot be converted to io.sclera.dto.BuildingDTO
[ERROR] /C:/Users/KNageshNayak/Desktop/Work/Sclara-2.0/sclera-cloud-device-asset/src/main/java/io/sclera/service/BuildingService.java:[189,76] cannot find symbol
[ERROR]   symbol:   method getAllRecordChecklistByBuildings(java.util.List<java.lang.String>,java.util.List<java.lang.String>,java.util.List<java.lang.String>)
[ERROR]   location: variable recordChecklistService of type io.sclera.service.RecordChecklistService
[ERROR] /C:/Users/KNageshNayak/Desktop/Work/Sclara-2.0/sclera-cloud-device-asset/src/main/java/io/sclera/service/BuildingService.java:[197,127] cannot find symbol
[ERROR]   symbol:   method getBuilding_id()
[ERROR]   location: variable recordChecklistDTO of type io.sclera.dto.RecordChecklistDTO
[ERROR] /C:/Users/KNageshNayak/Desktop/Work/Sclara-2.0/sclera-cloud-device-asset/src/main/java/io/sclera/service/BuildingService.java:[198,41] cannot find symbol
[ERROR]   symbol:   method getRecord_type()
[ERROR]   location: variable record of type io.sclera.dto.RecordChecklistDTO
[ERROR] /C:/Users/KNageshNayak/Desktop/Work/Sclara-2.0/sclera-cloud-device-asset/src/main/java/io/sclera/service/BuildingService.java:[199,53] cannot find symbol
[ERROR]   symbol:   method getInspection_record_id()
[ERROR]   location: variable record of type io.sclera.dto.RecordChecklistDTO
[ERROR] /C:/Users/KNageshNayak/Desktop/Work/Sclara-2.0/sclera-cloud-device-asset/src/main/java/io/sclera/service/BuildingService.java:[283,39] cannot find symbol
[ERROR]   symbol:   method deleteFloorMapsByImageUrl(java.lang.String,java.util.List<io.sclera.dto.FloorDTO>)
[ERROR]   location: variable webClientService of type io.sclera.service.WebClientService
[ERROR] /C:/Users/KNageshNayak/Desktop/Work/Sclara-2.0/sclera-cloud-device-asset/src/main/java/io/sclera/service/BuildingService.java:[302,49] cannot find symbol
[ERROR]   symbol:   method getSyncDetailsForADC()
[ERROR]   location: variable vdmsRepository of type io.sclera.Repository.VdmsRepository
[ERROR] /C:/Users/KNageshNayak/Desktop/Work/Sclara-2.0/sclera-cloud-device-asset/src/main/java/io/sclera/service/BuildingService.java:[305,13] incompatible types: java.util.List<java.lang.String> cannot be converted to java.lang.String
[ERROR] /C:/Users/KNageshNayak/Desktop/Work/Sclara-2.0/sclera-cloud-device-asset/src/main/java/io/sclera/service/BuildingService.java:[318,73] incompatible types: java.util.List<java.lang.Object> cannot be converted to java.util.List<io.sclera.dto.BuildingDTO>
[ERROR] /C:/Users/KNageshNayak/Desktop/Work/Sclara-2.0/sclera-cloud-device-asset/src/main/java/io/sclera/service/Product_DetailsService.java:[46,36] cannot find symbol
[ERROR]   symbol:   variable product_detailsRepository
[ERROR]   location: class io.sclera.service.Product_DetailsService
[ERROR] /C:/Users/KNageshNayak/Desktop/Work/Sclara-2.0/sclera-cloud-device-asset/src/main/java/io/sclera/service/Product_DetailsService.java:[47,9] cannot find symbol
[ERROR]   symbol:   variable product_detailsRepository
[ERROR]   location: class io.sclera.service.Product_DetailsService
[ERROR] /C:/Users/KNageshNayak/Desktop/Work/Sclara-2.0/sclera-cloud-device-asset/src/main/java/io/sclera/service/MyDevicesService.java:[70,36] cannot find symbol
[ERROR]   symbol:   method getId()
[ERROR]   location: variable myDevicesCompany of type io.sclera.dto.MyDevicesCompanyDTO
[ERROR] /C:/Users/KNageshNayak/Desktop/Work/Sclara-2.0/sclera-cloud-device-asset/src/main/java/io/sclera/service/MyDevicesService.java:[74,95] cannot find symbol
[ERROR]   symbol:   method getCompany_name()
[ERROR]   location: variable myDevicesCompany of type io.sclera.dto.MyDevicesCompanyDTO
[ERROR] /C:/Users/KNageshNayak/Desktop/Work/Sclara-2.0/sclera-cloud-device-asset/src/main/java/io/sclera/service/MyDevicesService.java:[74,131] cannot find symbol
[ERROR]   symbol:   method getLocation_name()
[ERROR]   location: variable myDevicesCompany of type io.sclera.dto.MyDevicesCompanyDTO
[ERROR] /C:/Users/KNageshNayak/Desktop/Work/Sclara-2.0/sclera-cloud-device-asset/src/main/java/io/sclera/service/MyDevicesService.java:[78,91] cannot find symbol
[ERROR]   symbol:   method getId()
[ERROR]   location: variable myDevicesCompany of type io.sclera.dto.MyDevicesCompanyDTO
[ERROR] /C:/Users/KNageshNayak/Desktop/Work/Sclara-2.0/sclera-cloud-device-asset/src/main/java/io/sclera/service/MyDevicesService.java:[78,117] cannot find symbol
[ERROR]   symbol:   method getCompany_name()
[ERROR]   location: variable myDevicesCompany of type io.sclera.dto.MyDevicesCompanyDTO
[ERROR] /C:/Users/KNageshNayak/Desktop/Work/Sclara-2.0/sclera-cloud-device-asset/src/main/java/io/sclera/service/MyDevicesService.java:[79,57] cannot find symbol
[ERROR]   symbol:   method getLocation_name()
[ERROR]   location: variable myDevicesCompany of type io.sclera.dto.MyDevicesCompanyDTO
[ERROR] -> [Help 1]
[ERROR] 
[ERROR] To see the full stack trace of the errors, re-run Maven with the -e switch.
[ERROR] Re-run Maven using the -X switch to enable full debug logging.
[ERROR] 
[ERROR] For more information about the errors and possible solutions, please read the following articles:
[ERROR] [Help 1] http://cwiki.apache.org/confluence/display/MAVEN/MojoFailureException
